C51 COMPILER V9.51   ZAD3_2                                                                04/28/2020 08:37:16 PAGE 1   


C51 COMPILER V9.51, COMPILATION OF MODULE ZAD3_2
OBJECT MODULE PLACED IN zad3_2.OBJ
COMPILER INVOKED BY: C:\Keil_v5\C51\BIN\C51.EXE zad3_2.c OMF2 BROWSE DEBUG TABS(2)

line level    source

*** WARNING C500 IN LINE 1 OF zad3_2.c: LICENSE ERROR (R207: REGISTRY READ ERROR)

   1          #include <REGX52.H>
   2          #define Zapal P0_0=0
   3          #define Zgas P0_0=1
   4          
   5          unsigned char bdata Key;
   6          sbit Key_4=Key^4;
   7          sbit Key_5=Key^5;
   8          sbit Key_6=Key^6;
   9          sbit Key_7=Key^7;
  10          
  11          void wait(void)
  12          {
  13   1        unsigned char data i,j;
  14   1        for (i=0; i<100; i++)
  15   1          for (j=0; j<100; j++)
  16   1        {;}
  17   1      }
  18          
  19          void delay(void)
  20          {
  21   1        wait();
  22   1        wait();
  23   1        wait();
  24   1        wait();
  25   1      }
  26          
  27          void work1(void)
  28          {
  29   1        unsigned char data i;
  30   1        for (i=1; i>0; i--)
  31   1        {
  32   2          Zapal;
  33   2          wait();
  34   2          Zgas;
  35   2          wait();
  36   2        }
  37   1      }
  38          
  39          void work2(void)
  40          {
  41   1        unsigned char data i;
  42   1        for (i=2; i>0; i--)
  43   1        {
  44   2          Zapal;
  45   2          wait();
  46   2          Zgas;
  47   2          wait();
  48   2        }
  49   1      }
  50          
  51          void work3(void)
  52          {
  53   1        unsigned char data i;
  54   1        for (i=3; i>0; i--)
C51 COMPILER V9.51   ZAD3_2                                                                04/28/2020 08:37:16 PAGE 2   

  55   1        {
  56   2          Zapal;
  57   2          wait();
  58   2          Zgas;
  59   2          wait();
  60   2        }
  61   1      }
  62          
  63          void work4(void)
  64          {
  65   1        unsigned char data i;
  66   1        for (i=4; i>0; i--)
  67   1        {
  68   2          Zapal;
  69   2          wait();
  70   2          Zgas;
  71   2          wait();
  72   2        }
  73   1      }
  74          
  75          void main(void)
  76          {
  77   1        unsigned char code Koder[]={0xFD,0xFB,0xF7,0xFD};
  78   1        unsigned char data index=0;
  79   1        bit Ready=1;
  80   1      
  81   1       while(1)
  82   1        {
  83   2          P2=Koder[index];
  84   2          Key=P2;
  85   2          if ((Key_4&Key_5&Key_6&Key_7)==0)
  86   2          {
  87   3            if (Ready==1)
  88   3            {
  89   4              switch(Key)
  90   4            {
  91   5              case 0xE7:
  92   5              {
  93   6                work1();
  94   6                delay();
  95   6                work1();
  96   6                break;
  97   6              }
  98   5              case 0xEB:
  99   5              {
 100   6                work2();
 101   6                delay();
 102   6                work1();
 103   6                break;
 104   6              }
 105   5              case 0xED:
 106   5              {
 107   6                work3();
 108   6                delay();
 109   6                work1();
 110   6                break;
 111   6              }
 112   5              case 0xD7:
 113   5              {
 114   6                work1();
 115   6                delay();
 116   6                work2();
C51 COMPILER V9.51   ZAD3_2                                                                04/28/2020 08:37:16 PAGE 3   

 117   6                break;
 118   6              }
 119   5              case 0xDB:
 120   5              {
 121   6                work2();
 122   6                delay();
 123   6                work2();
 124   6                break;
 125   6              }
 126   5              case 0xDD:
 127   5              {
 128   6                work3();
 129   6                delay();
 130   6                work2();
 131   6                break;
 132   6              }
 133   5              case 0xB7:
 134   5              {
 135   6                work1();
 136   6                delay();
 137   6                work3();
 138   6                break;
 139   6              }
 140   5              case 0xBB:
 141   5              {
 142   6                work2();
 143   6                delay();
 144   6                work3();
 145   6                break;
 146   6              }
 147   5              case 0xBD:
 148   5              {
 149   6                work3();
 150   6                delay();
 151   6                work3();
 152   6                break;
 153   6              }
 154   5              case 0x77:
 155   5              {
 156   6                work1();
 157   6                delay();
 158   6                work4();
 159   6                break;
 160   6              }
 161   5              case 0x7B:
 162   5              {
 163   6                work2();
 164   6                delay();
 165   6                work4();
 166   6                break;
 167   6              }
 168   5              case 0x7D:
 169   5              {
 170   6                work3();
 171   6                delay();
 172   6                work4();
 173   6                break;
 174   6              }
 175   5            }
 176   4            
 177   4            Ready=0;
 178   4          }
C51 COMPILER V9.51   ZAD3_2                                                                04/28/2020 08:37:16 PAGE 4   

 179   3        }
 180   2          else
 181   2          {
 182   3            if (index<0x03)
 183   3            {
 184   4              index++;
 185   4            }
 186   3            else
 187   3            {
 188   4              index=0x00;
 189   4            }
 190   3            Ready=1;
 191   3          }
 192   2        }
 193   1      }


MODULE INFORMATION:   STATIC OVERLAYABLE
   CODE SIZE        =    247    ----
   CONSTANT SIZE    =      4    ----
   XDATA SIZE       =   ----    ----
   PDATA SIZE       =   ----    ----
   DATA SIZE        =      1       1
   IDATA SIZE       =   ----    ----
   BIT SIZE         =   ----       1
   EDATA SIZE       =   ----    ----
   HDATA SIZE       =   ----    ----
   XDATA CONST SIZE =   ----    ----
   FAR CONST SIZE   =   ----    ----
END OF MODULE INFORMATION.


C51 COMPILATION COMPLETE.  1 WARNING(S),  0 ERROR(S)
